[andrew7514.wixsite.com/my-site.html]
[static.parastorage.com/unpkg/core-js-bundle@3.2.1/minified.js]
[static.parastorage.com/unpkg/focus-within-polyfill@5.0.9/dist/focus-within-polyfill.js]
[backblue.gif]
[fade.gif]
[index.html]
[andrew7514.wixsite.com/index.html]
[polyfill-fastly.io/v3/polyfill.mind82c.js]
[static.wixstatic.com/media/6c711c_0b7e30582e804bacb092cc1b10c25215_mv2.jpg/v1/fill/w_504,h_504,al_c,q_80,usm_0.66_1.00_0.01,enc_auto/aetos.jpg]
[andrew7514.wixsite.com/my-site/pricing-plans.html]
[static.wixstatic.com/media/6c711c_00056bffcb7149bc80a347f5c2d1af38_mv2.jpg/v1/fill/w_57,h_57,al_c,q_80,usm_0.66_1.00_0.01,blur_2,enc_auto/created a tailored workflows image for i.jpg]
[static.wixstatic.com/media/6c711c_fa3de39b07394892a4e6a9ac08994601_mv2.jpg/v1/fill/w_57,h_57,al_c,q_80,usm_0.66_1.00_0.01,blur_2,enc_auto/create an image of a one man  IT service.jpg]
[static.wixstatic.com/media/6c711c_a3fad80776cf4296a47c49e04f016011_mv2.jpg/v1/fill/w_57,h_57,al_c,q_80,usm_0.66_1.00_0.01,blur_2,e/robust infrastructure picture for an it company website that suits a blue theme.7.de]
[static.wixstatic.com/media/6c711c_f19213b365ad4aebb12b19589f557348_mv2.jpg/v1/fill/w_57,h_57,al_c,q_80,usm_0.66_1.00_0.01,blur_2,e/automation for efficeny image for an IT company website, makeit match a blue theme.9]
[andrew7514.wixsite.com/my-site/terms-conditions.html]
[browser.sentry-cdn.com/6.18.2/bundle.min.js]
[andrew7514.wixsite.com/my-site/privacy-policy.html]
[andrew7514.wixsite.com/sitemap.d.delayed]
[andrew7514.wixsite.com/feed.e.delayed]
[andrew7514.wixsite.com/${n.f.delayed]
[static.parastorage.com/services/wix-thunderbolt/dist/thunderbolt-commons.6c2e074b.bundle.min.js]
[static.parastorage.com/services/wix-thunderbolt/dist/main.24f9886d.bundle.min.js]
[static.parastorage.com/services/wix-thunderbolt/dist/main.renderer.1d21f023.bundle.min.js]
[static.parastorage.com/unpkg/lodash@4.17.21/lodash.min.js]
[static.parastorage.com/unpkg/react@18.2.0/umd/react.production.min.js]
[static.parastorage.com/unpkg/react-dom@18.2.0/umd/react-dom.production.min.js]
[andrew7514.wixsite.com/decodeURIComponent(e.16.delayed]
[static.parastorage.com/services/tag-manager-client/1.827.0/siteTags.bundle.min.js]
[andrew7514.wixsite.com/my-site.html]
[andrew7514.wixsite.com/index.html]
[static.parastorage.com/services/wix-perf-measure/1.1095.0/wix-perf-measure.umd.min.js]
[static.parastorage.com/services/pricing-plans-tpa/1.3750.0/client-viewer/4597.chunk.min.js]
[static.parastorage.com/services/pricing-plans-tpa/1.3750.0/client-viewer/2141.chunk.min.js]
[static.parastorage.com/services/pricing-plans-tpa/1.3750.0/client-viewer/6572.chunk.min.js]
[static.parastorage.com/services/pricing-plans-tpa/1.3750.0/client-viewer/897.chunk.min.js]
[static.parastorage.com/services/pricing-plans-tpa/1.3750.0/client-viewer/Widget.chunk.min.js]
[static.parastorage.com/services/pricing-plans-tpa/1.3750.0/client-viewer/List.chunk.min.js]
[andrew7514.wixsite.com/my-site/robots.1f.delayed]
[andrew7514.wixsite.com/my-site/sitemap.xml]
[andrew7514.wixsite.com/my-site/feed.21.delayed]
[andrew7514.wixsite.com/my-site/${n.22.delayed]
[andrew7514.wixsite.com/my-site/decodeURIComponent(e.23.delayed]
[andrew7514.wixsite.com/my-site/pricing-plans.html]
[static.parastorage.com/services/wix-thunderbolt/dist/originTrials.41d7301a.bundle.min.js]
[andrew7514.wixsite.com/my-site/terms-conditions.html]
[andrew7514.wixsite.com/my-site/privacy-policy.html]
[andrew7514.wixsite.com/sitemap.html]
[andrew7514.wixsite.com/feed.html]
[andrew7514.wixsite.com/${n.html]
[andrew7514.wixsite.com/decodeURIComponent(e.html]
[andrew7514.wixsite.com/my-site/robots.html]
[andrew7514.wixsite.com/my-site/feed.html]
[andrew7514.wixsite.com/my-site/${n.html]
[andrew7514.wixsite.com/my-site/decodeURIComponent(e.html]
